#-----------------------------------------------------------
# Vivado v2025.2 (64-bit)
# SW Build 6299465 on Fri Nov 14 19:35:11 GMT 2025
# IP Build 6300035 on Fri Nov 14 10:48:45 MST 2025
# SharedData Build 6298862 on Thu Nov 13 04:50:51 MST 2025
# Start of session at: Sat Apr 11 16:05:27 2026
# Process ID         : 23248
# Current directory  : C:/Users/salmanul.pv/project_1_risc_v/project_1_risc_v.runs/synth_1
# Command line       : vivado.exe -log Pipelined_Top.vds -product Vivado -mode batch -messageDb vivado.pb -notrace -source Pipelined_Top.tcl
# Log file           : C:/Users/salmanul.pv/project_1_risc_v/project_1_risc_v.runs/synth_1/Pipelined_Top.vds
# Journal file       : C:/Users/salmanul.pv/project_1_risc_v/project_1_risc_v.runs/synth_1\vivado.jou
# Running On         : AIPL000325
# Platform           : Windows Server 2016 or Windows 10
# Operating System   : 26200
# Processor Detail   : Intel(R) Core(TM) 5 210H
# CPU Frequency      : 2688 MHz
# CPU Physical cores : 8
# CPU Logical cores  : 12
# Host memory        : 16699 MB
# Swap memory        : 1073 MB
# Total Virtual      : 17773 MB
# Available Virtual  : 3443 MB
#-----------------------------------------------------------
source Pipelined_Top.tcl -notrace
